src/lib/api-validation.ts(19,5): error TS1005: ';' expected.
