src/components/pipelines/DataGrid.tsx(121,16): error TS2345: Argument of type 'T[keyof T] | null' is not assignable to parameter of type 'SetStateAction<string | T[keyof T]>'.
  Type 'null' is not assignable to type 'SetStateAction<string | T[keyof T]>'.
